// Jest Snapshot v1, https://goo.gl/fbAQLP

exports[`<ErrComic/> , prueba de existencia de elementos 1`] = `
<div
  className="sc-bdnxRM vYBlF"
>
  <h1
    data-testid="titulo"
  >
    Comic no encontrado
    <i
      className="fas fa-exclamation-triangle"
    />
  </h1>
  <h2
    data-testid="titulo2"
  >
    Tal vez no exista o no se encuentre en este personaje
  </h2>
</div>
`;
